// Jest Snapshot v1, https://goo.gl/fbAQLP

exports[`EditItems screen renders correctly 1`] = `
<View
  style={
    {
      "flex": 1,
      "padding": 20,
    }
  }
>
  <View
    style={
      {
        "flex": 1,
        "justifyContent": "center",
        "padding": 20,
      }
    }
  >
    <Text
      style={
        {
          "alignSelf": "center",
          "fontSize": 24,
          "marginBottom": 20,
        }
      }
    >
      Login
    </Text>
    <TextInput
      autoCapitalize="none"
      keyboardType="email-address"
      onChangeText={[Function]}
      placeholder="Email"
      style={
        {
          "borderColor": "gray",
          "borderWidth": 1,
          "marginBottom": 10,
          "padding": 5,
        }
      }
      value=""
    />
    <TextInput
      onChangeText={[Function]}
      placeholder="Password"
      secureTextEntry={true}
      style={
        {
          "borderColor": "gray",
          "borderWidth": 1,
          "marginBottom": 10,
          "padding": 5,
        }
      }
      value=""
    />
    <View
      accessibilityRole="button"
      accessibilityState={
        {
          "busy": undefined,
          "checked": undefined,
          "disabled": undefined,
          "expanded": undefined,
          "selected": undefined,
        }
      }
      accessibilityValue={
        {
          "max": undefined,
          "min": undefined,
          "now": undefined,
          "text": undefined,
        }
      }
      accessible={true}
      collapsable={false}
      focusable={true}
      onClick={[Function]}
      onResponderGrant={[Function]}
      onResponderMove={[Function]}
      onResponderRelease={[Function]}
      onResponderTerminate={[Function]}
      onResponderTerminationRequest={[Function]}
      onStartShouldSetResponder={[Function]}
      style={
        {
          "opacity": 1,
        }
      }
    >
      <View
        style={
          [
            {},
          ]
        }
      >
        <Text
          style={
            [
              {
                "color": "#007AFF",
                "fontSize": 18,
                "margin": 8,
                "textAlign": "center",
              },
            ]
          }
        >
          Login
        </Text>
      </View>
    </View>
  </View>
</View>
`;
